Distinct k-mers             319,397,544
Unique k-mers               282,582,548
Total abundance             553,786,040
