Distinct k-mers             647,842,356
Unique k-mers               605,777,789
Total abundance             707,340,672
