Distinct k-mers             408,742,880
Unique k-mers               184,073,543
Total abundance           1,550,251,783
