Distinct k-mers           5,422,399,459
Unique k-mers             4,532,995,686
Total abundance          12,959,284,203
