Distinct k-mers             579,011,300
Unique k-mers               511,387,736
Total abundance             695,344,485
